[auto.mahindra.com/suv/scorpio-n3b0d.html]
[prog-ace-cdn.azureedge.net/-/media/feature/experience-accelerator/bootstrap-4/bootstrap-4/styles/optimized-min551d.css]
[prog-ace-cdn.azureedge.net/-/media/base-themes/dark-theme-main-theme/styles/optimized-minbf42.css]
[prog-ace-cdn.azureedge.net/-/media/themes/mahindra/dotcom/dark-theme/commontheme/styles/optimized-min0fb7.css]
[prog-ace-cdn.azureedge.net/-/media/themes/mahindra/dotcom/dark-theme/scorpioblacktheme/styles/optimized-minbeab.css]
[backblue.gif]
[fade.gif]
[index.html]
[auto.mahindra.com/layouts/system/VisitorIdentification.js]
[auto.mahindra.com/suv/scorpio-n.html]
[auto.mahindra.com/-/media/project/mahindra/dotcom/mahindra/favicond279.png]
[auto.mahindra.com/suv/-/media/project/mahindra/dotcom/mahindra/Z101/M-Logo.png]
[auto.mahindra.com/suv/-/media/project/mahindra/dotcom/mahindra/Z101/mahindra-white-logo.png]
[auto.mahindra.com/suv/-/media/project/mahindra/dotcom/mahindra/Z101/Banner-2.png]
[auto.mahindra.com/suv/-/media/project/mahindra/dotcom/mahindra/Z101/Banner-2-Mob.png]
[auto.mahindra.com/suv/-/media/project/mahindra/dotcom/mahindra/Z101/Banner-1.png]
[auto.mahindra.com/suv/-/media/project/mahindra/dotcom/mahindra/Z101/Banner-Mob.png]
[auto.mahindra.com/suv/-/media/project/mahindra/dotcom/mahindra/previous.png]
[auto.mahindra.com/suv/-/media/project/mahindra/dotcom/mahindra/next.png]
[auto.mahindra.com/suv/-/media/project/mahindra/dotcom/mahindra/Z101/mouseScroll.svg]
[auto.mahindra.com/suv/-/media/project/mahindra/dotcom/mahindra/Z101/Scorpion-Badge-Render.png]
[auto.mahindra.com/suv/-/media/project/mahindra/dotcom/mahindra/Z101/mob/1.png]
[auto.mahindra.com/suv/-/media/project/mahindra/dotcom/mahindra/Z101/mob/2.png]
[auto.mahindra.com/suv/-/media/project/mahindra/dotcom/mahindra/Z101/mob/3.png]
[auto.mahindra.com/suv/-/media/project/mahindra/dotcom/mahindra/Z101/mob/4.png]
[auto.mahindra.com/suv/-/media/project/mahindra/dotcom/mahindra/Z101/mob/5.png]
[auto.mahindra.com/suv/-/media/project/mahindra/dotcom/mahindra/Z101/mob/6.png]
[auto.mahindra.com/suv/-/media/project/mahindra/dotcom/mahindra/Z101/1.png]
[auto.mahindra.com/suv/-/media/project/mahindra/dotcom/mahindra/Z101/2.png]
[auto.mahindra.com/suv/-/media/project/mahindra/dotcom/mahindra/Z101/3.png]
[auto.mahindra.com/suv/-/media/project/mahindra/dotcom/mahindra/Z101/4.png]
[auto.mahindra.com/suv/-/media/project/mahindra/dotcom/mahindra/Z101/5.png]
[auto.mahindra.com/suv/-/media/project/mahindra/dotcom/mahindra/Z101/6.png]
[auto.mahindra.com/suv/-/media/project/mahindra/dotcom/mahindra/Z101/Media Gallery Center.png]
[auto.mahindra.com/suv/-/media/project/mahindra/dotcom/mahindra/Z101/gallery-play.png]
[auto.mahindra.com/suv/-/media/project/mahindra/dotcom/mahindra/Z101/BD-Media Gallery.png]
[auto.mahindra.com/suv/-/media/project/mahindra/dotcom/mahindra/Z101/Media Gallery 2.png]
[auto.mahindra.com/suv/-/media/project/mahindra/dotcom/mahindra/Z101/Media-Gallery-Thumbnail_473x272.png]
[auto.mahindra.com/suv/-/media/project/mahindra/dotcom/mahindra/Z101/Rumour 2_Media Gallery.png]
[auto.mahindra.com/suv/-/media/project/mahindra/dotcom/mahindra/Z101/Rumour 3_Media Gallery.png]
[auto.mahindra.com/suv/-/media/project/mahindra/dotcom/mahindra/Z101/Media Gallery 3.png]
[auto.mahindra.com/suv/-/media/project/mahindra/dotcom/mahindra/Z101/BD Website Press Release.jpg]
[prog-ace-cdn.azureedge.net/-/media/project/mahindra/dotcom/mahindra/dark-theme/logo/white-logo4358.png]
[prog-ace-cdn.azureedge.net/-/media/feature/mahindra/countryselector/in6437.webp]
[prog-ace-cdn.azureedge.net/-/media/feature/mahindra/countryselector/Albania9c75.webp]
[prog-ace-cdn.azureedge.net/-/media/feature/mahindra/countryselector/Australia9355.webp]
[prog-ace-cdn.azureedge.net/-/media/feature/mahindra/countryselector/Bangladeshc870.webp]
[prog-ace-cdn.azureedge.net/-/media/feature/mahindra/countryselector/Bosniacf1d.webp]
[prog-ace-cdn.azureedge.net/-/media/feature/mahindra/countryselector/Chiled0b1.webp]
[prog-ace-cdn.azureedge.net/-/media/feature/mahindra/countryselector/Ecuadorbde5.webp]
[prog-ace-cdn.azureedge.net/-/media/feature/mahindra/countryselector/Hungary4e1c.webp]
[prog-ace-cdn.azureedge.net/-/media/feature/mahindra/countryselector/Indonesia10c3.webp]
[prog-ace-cdn.azureedge.net/-/media/feature/mahindra/countryselector/Italyf6ca.webp]
[prog-ace-cdn.azureedge.net/-/media/feature/mahindra/countryselector/New Zealandacf2.webp]
[prog-ace-cdn.azureedge.net/-/media/feature/mahindra/countryselector/Peru3f76.webp]
[prog-ace-cdn.azureedge.net/-/media/feature/mahindra/countryselector/Qatarf9ff.webp]
[prog-ace-cdn.azureedge.net/-/media/feature/mahindra/countryselector/South Africa3f53.webp]
[prog-ace-cdn.azureedge.net/-/media/feature/mahindra/countryselector/Spaind430.webp]
[prog-ace-cdn.azureedge.net/-/media/feature/mahindra/countryselector/Taiwand935.webp]
[prog-ace-cdn.azureedge.net/-/media/feature/mahindra/countryselector/UAE983e.webp]
[prog-ace-cdn.azureedge.net/-/media/feature/mahindra/countryselector/USA408f.webp]
[prog-ace-cdn.azureedge.net/-/media/base-themes/dark-theme-core-libraries/scripts/optimized-minb0b2.js]
[prog-ace-cdn.azureedge.net/-/media/base-themes/dark-theme-xa-api/scripts/optimized-mina397.js]
[prog-ace-cdn.azureedge.net/-/media/base-themes/dark-theme-main-theme/scripts/optimized-min6948.js]
[prog-ace-cdn.azureedge.net/-/media/base-themes/resolve-conflicts/scripts/optimized-mindc76.js]
[prog-ace-cdn.azureedge.net/-/media/themes/mahindra/dotcom/dark-theme/commontheme/scripts/optimized-min9ddf.js]
[prog-ace-cdn.azureedge.net/-/media/themes/mahindra/dotcom/dark-theme/scorpioblacktheme/scripts/optimized-mind1e7.js]
[auto.mahindra.com/suv/-/media/themes/mahindra/dotcom/mahindra/mahindra/Images/overlay-bg.png]
[auto.mahindra.com/Visualize360/XUV700/assets/one3d/assets/XUV700/one3d_functions37a6.js]
[auto.mahindra.com/Visualize360/XUV700/assets/one3d/assets/XUV700/one3dui6614.js]
[auto.mahindra.com/suv/-/media/Themes/Mahindra/DotCom/Dark Theme/CommonTheme/images/whatsapp-icon.png]
[auto.mahindra.com/suv/scorpio-n3b0d.html]
[prog-ace-cdn.azureedge.net/-/media/feature/experience-accelerator/bootstrap-4/bootstrap-4/styles/optimized-min551d.css]
[prog-ace-cdn.azureedge.net/-/media/base-themes/dark-theme-main-theme/styles/optimized-minbf42.css]
[prog-ace-cdn.azureedge.net/-/media/themes/mahindra/dotcom/dark-theme/commontheme/styles/optimized-min0fb7.css]
[prog-ace-cdn.azureedge.net/-/media/themes/mahindra/dotcom/dark-theme/scorpioblacktheme/styles/optimized-minbeab.css]
[auto.mahindra.com/layouts/system/VisitorIdentification.js]
[auto.mahindra.com/suv/scorpio-n.html]
[www.googletagmanager.com/gtm5445.html]
[auto.mahindra.com/suv/-/media/project/mahindra/dotcom/mahindra/Z101/mouseScroll.svg]
[prog-ace-cdn.azureedge.net/-/media/base-themes/dark-theme-core-libraries/scripts/optimized-minb0b2.js]
[prog-ace-cdn.azureedge.net/-/media/base-themes/dark-theme-xa-api/scripts/optimized-mina397.js]
[prog-ace-cdn.azureedge.net/-/media/base-themes/dark-theme-main-theme/scripts/optimized-min6948.js]
[prog-ace-cdn.azureedge.net/-/media/base-themes/resolve-conflicts/scripts/optimized-mindc76.js]
[prog-ace-cdn.azureedge.net/-/media/themes/mahindra/dotcom/dark-theme/commontheme/scripts/optimized-min9ddf.js]
[prog-ace-cdn.azureedge.net/-/media/themes/mahindra/dotcom/dark-theme/scorpioblacktheme/scripts/optimized-mind1e7.js]
[auto.mahindra.com/suv/mahindra_day.jpg]
[auto.mahindra.com/suv/js/packagev3.js]
[auto.mahindra.com/suv/js/howler.min.js]
[auto.mahindra.com/Visualize360/XUV700/assets/one3d/assets/XUV700/one3d_functions37a6.js]
[auto.mahindra.com/Visualize360/XUV700/assets/one3d/assets/XUV700/one3dui6614.js]
[auto.mahindra.com/suv/mahindra_day.html]
[auto.mahindra.com/suv/js/packagev3.html]
[auto.mahindra.com/suv/assets]
[auto.mahindra.com/suv/assets/index.html]
[auto.mahindra.com/suv/js/howler.min.html]
[auto.mahindra.com/suv/assets.html]
[auto.mahindra.com/Visualize360/XUV700/assets/one3d/assets/XUV700/features/desktop/images/index.html]
[auto.mahindra.com/Visualize360/XUV700/assets/one3d/assets/XUV700/features/mobile/videos/index.html]
[auto.mahindra.com/Visualize360/XUV700/assets/one3d/assets/XUV700/features/mobile/videos/index.html]
[auto.mahindra.com/Visualize360/XUV700/assets/one3d/assets/XUV700/features/desktop/images/index.html]
